@1++++++++++++++++++++++++++++++++++++++++++++++++++++++++++++++
@2
@3 COMMAND-LINE:
@4
@5    ./cpaths_basic ladder10.g 
@6
@7++++++++++++++++++++++++++++++++++++++++++++++++++++++++++++
@ a1 : dist=0
@ a2 : dist=973
@ b2 : dist=872
@ b1 : dist=0
@ a3 : dist=1448
@ b3 : dist=1149
@ a4 : dist=1728
@ b4 : dist=1803
@ a5 : dist=2610
@ b5 : dist=2462
@ a6 : dist=3431
@ b6 : dist=3266
@ a7 : dist=4016
@ b7 : dist=3916
@ a8 : dist=4120
@ b8 : dist=4808
@ a9 : dist=4984
@ b9 : dist=5210
@ a10 : dist=6058
@ b10 : dist=5634
