@1++++++++++++++++++++++++++++++++++++++++++++++++++++++++++++++
@2
@3 COMMAND-LINE:
@4
@5    ./cpaths_basic chain10.g 
@6
@7++++++++++++++++++++++++++++++++++++++++++++++++++++++++++++
@ v1 : dist=0
@ v2 : dist=385
@ v3 : dist=1056
@ v5 : dist=1902
@ v9 : dist=4676
@ v4 : dist=1510
@ v6 : dist=2674
@ v10 : dist=5148
@ v7 : dist=2977
@ v8 : dist=3938
