@1++++++++++++++++++++++++++++++++++++++++++++++++++++++++++++++
@2
@3 COMMAND-LINE:
@4
@5    ./epaths chain10.g v7 
@6
@7++++++++++++++++++++++++++++++++++++++++++++++++++++++++++++
@: v1 v2 v3 v4 v5 v6 v7
@: v1 v2 v3 v4 v5 v7
@: v1 v2 v3 v4 v6 v7
@: v1 v2 v3 v5 v6 v7
@: v1 v2 v3 v5 v7
@: v1 v2 v3 v7
@: v1 v2 v4 v5 v6 v7
@: v1 v2 v4 v5 v7
@: v1 v2 v4 v6 v7
@: v1 v2 v6 v7
@: v1 v3 v4 v5 v6 v7
@: v1 v3 v4 v5 v7
@: v1 v3 v4 v6 v7
@: v1 v3 v5 v6 v7
@: v1 v3 v5 v7
@: v1 v3 v7
@: v1 v5 v6 v7
@: v1 v5 v7
