@1++++++++++++++++++++++++++++++++++++++++++++++++++++++++++++++
@2
@3 COMMAND-LINE:
@4
@5    ./epaths aladder.g b5 
@6
@7++++++++++++++++++++++++++++++++++++++++++++++++++++++++++++
@: a1 a2 a3 a4 b5
@: a1 a2 a3 b4 b5
@: a1 a2 b3 b4 b5
@: a1 b2 b3 b4 b5
@: b1 b2 b3 b4 b5
