@1++++++++++++++++++++++++++++++++++++++++++++++++++++++++++++++
@2
@3 COMMAND-LINE:
@4
@5    ./vtopo chain10.g chain_2.o 
@6
@7++++++++++++++++++++++++++++++++++++++++++++++++++++++++++++
@      RESULT: valid_topo_order() SAYS:  NO!
