@1++++++++++++++++++++++++++++++++++++++++++++++++++++++++++++++
@2
@3 COMMAND-LINE:
@4
@5    ./vtopo aladder.g aladder_1.o 
@6
@7++++++++++++++++++++++++++++++++++++++++++++++++++++++++++++
@      RESULT: valid_topo_order() SAYS:  YES!
